
> learning-platform@1.0.0 build
> next build

  Γû▓ Next.js 14.2.35

   Creating an optimized production build ...
 Γ£ô Compiled successfully
   Linting and checking validity of types ...
node.exe : 
At line:1 char:1
+ & "C:\Program Files\nodejs/node.exe" "C:\Program Files\nodejs/node_mo 
...
+ ~~~~~~~~~~~~~~~~~~~~~~~~~~~~~~~~~~~~~~~~~~~~~~~~~~~~~~~~~~~~~~~~~~~~~
    + CategoryInfo          : NotSpecified: (:String) [], R    
emoteException
    + FullyQualifiedErrorId : NativeCommandError
 
Failed to compile.

./src/app/search/page.tsx
5:8  Warning: 'Fuse' is defined but never used.  
@typescript-eslint/no-unused-vars
84:35  Warning: Unexpected any. Specify a different type.  
@typescript-eslint/no-explicit-any

./src/components/LessonViewer.tsx
27:3  Warning: 'moduleId' is defined but never used. Allowed unused args 
must match /^_/u.  @typescript-eslint/no-unused-vars

./src/components/QuizComponent.tsx
4:23  Warning: 'QuizQuestion' is defined but never used.  
@typescript-eslint/no-unused-vars

./src/lib/content.ts
96:10  Error: Do not assign to the variable `module`. See: 
https://nextjs.org/docs/messages/no-assign-module-variable  
@next/next/no-assign-module-variable
124:8  Error: Do not assign to the variable `module`. See: 
https://nextjs.org/docs/messages/no-assign-module-variable  
@next/next/no-assign-module-variable
148:8  Error: Do not assign to the variable `module`. See: 
https://nextjs.org/docs/messages/no-assign-module-variable  
@next/next/no-assign-module-variable

./src/__tests__/progress.test.ts
110:76  Warning: Unexpected any. Specify a different type.  
@typescript-eslint/no-explicit-any

info  - Need to disable some ESLint rules? Learn more here: 
https://nextjs.org/docs/basic-features/eslint#disabling-rules
